---
source: tests/cli.rs
expression: test_output
input_file: test-files/expressions/evaluate.lox
---
status: 0
stdout:
  - "2"
stderr: []
