---
source: tests/cli.rs
expression: test_output
input_file: test-files/scanning/strings.lox
---
status: 0
stdout:
  - ""
stderr: []
